Archive member included to satisfy reference by file (symbol)

c:/st/stm32cubeide_1.4.0/stm32cubeide/plugins/com.st.stm32cube.ide.mcu.externaltools.gnu-tools-for-stm32.10.3-2021.10.win32_1.0.200.202301161003/tools/bin/../lib/gcc/arm-none-eabi/10.3.1/../../../../arm-none-eabi/lib/thumb/v7-m/nofp\libc_nano.a(lib_a-errno.o)
                              ./Src/syscalls.o (__errno)
c:/st/stm32cubeide_1.4.0/stm32cubeide/plugins/com.st.stm32cube.ide.mcu.externaltools.gnu-tools-for-stm32.10.3-2021.10.win32_1.0.200.202301161003/tools/bin/../lib/gcc/arm-none-eabi/10.3.1/../../../../arm-none-eabi/lib/thumb/v7-m/nofp\libc_nano.a(lib_a-exit.o)
                              c:/st/stm32cubeide_1.4.0/stm32cubeide/plugins/com.st.stm32cube.ide.mcu.externaltools.gnu-tools-for-stm32.10.3-2021.10.win32_1.0.200.202301161003/tools/bin/../lib/gcc/arm-none-eabi/10.3.1/../../../../arm-none-eabi/lib/thumb/v7-m/nofp/crt0.o (exit)
c:/st/stm32cubeide_1.4.0/stm32cubeide/plugins/com.st.stm32cube.ide.mcu.externaltools.gnu-tools-for-stm32.10.3-2021.10.win32_1.0.200.202301161003/tools/bin/../lib/gcc/arm-none-eabi/10.3.1/../../../../arm-none-eabi/lib/thumb/v7-m/nofp\libc_nano.a(lib_a-impure.o)
                              c:/st/stm32cubeide_1.4.0/stm32cubeide/plugins/com.st.stm32cube.ide.mcu.externaltools.gnu-tools-for-stm32.10.3-2021.10.win32_1.0.200.202301161003/tools/bin/../lib/gcc/arm-none-eabi/10.3.1/../../../../arm-none-eabi/lib/thumb/v7-m/nofp\libc_nano.a(lib_a-exit.o) (_global_impure_ptr)
c:/st/stm32cubeide_1.4.0/stm32cubeide/plugins/com.st.stm32cube.ide.mcu.externaltools.gnu-tools-for-stm32.10.3-2021.10.win32_1.0.200.202301161003/tools/bin/../lib/gcc/arm-none-eabi/10.3.1/../../../../arm-none-eabi/lib/thumb/v7-m/nofp\libc_nano.a(lib_a-init.o)
                              c:/st/stm32cubeide_1.4.0/stm32cubeide/plugins/com.st.stm32cube.ide.mcu.externaltools.gnu-tools-for-stm32.10.3-2021.10.win32_1.0.200.202301161003/tools/bin/../lib/gcc/arm-none-eabi/10.3.1/../../../../arm-none-eabi/lib/thumb/v7-m/nofp/crt0.o (__libc_init_array)
c:/st/stm32cubeide_1.4.0/stm32cubeide/plugins/com.st.stm32cube.ide.mcu.externaltools.gnu-tools-for-stm32.10.3-2021.10.win32_1.0.200.202301161003/tools/bin/../lib/gcc/arm-none-eabi/10.3.1/../../../../arm-none-eabi/lib/thumb/v7-m/nofp\libc_nano.a(lib_a-memset.o)
                              c:/st/stm32cubeide_1.4.0/stm32cubeide/plugins/com.st.stm32cube.ide.mcu.externaltools.gnu-tools-for-stm32.10.3-2021.10.win32_1.0.200.202301161003/tools/bin/../lib/gcc/arm-none-eabi/10.3.1/../../../../arm-none-eabi/lib/thumb/v7-m/nofp/crt0.o (memset)

Discarded input sections

 .text          0x0000000000000000        0x0 c:/st/stm32cubeide_1.4.0/stm32cubeide/plugins/com.st.stm32cube.ide.mcu.externaltools.gnu-tools-for-stm32.10.3-2021.10.win32_1.0.200.202301161003/tools/bin/../lib/gcc/arm-none-eabi/10.3.1/thumb/v7-m/nofp/crti.o
 .data          0x0000000000000000        0x0 c:/st/stm32cubeide_1.4.0/stm32cubeide/plugins/com.st.stm32cube.ide.mcu.externaltools.gnu-tools-for-stm32.10.3-2021.10.win32_1.0.200.202301161003/tools/bin/../lib/gcc/arm-none-eabi/10.3.1/thumb/v7-m/nofp/crti.o
 .bss           0x0000000000000000        0x0 c:/st/stm32cubeide_1.4.0/stm32cubeide/plugins/com.st.stm32cube.ide.mcu.externaltools.gnu-tools-for-stm32.10.3-2021.10.win32_1.0.200.202301161003/tools/bin/../lib/gcc/arm-none-eabi/10.3.1/thumb/v7-m/nofp/crti.o
 .data          0x0000000000000000        0x4 c:/st/stm32cubeide_1.4.0/stm32cubeide/plugins/com.st.stm32cube.ide.mcu.externaltools.gnu-tools-for-stm32.10.3-2021.10.win32_1.0.200.202301161003/tools/bin/../lib/gcc/arm-none-eabi/10.3.1/thumb/v7-m/nofp/crtbegin.o
 .rodata        0x0000000000000000       0x24 c:/st/stm32cubeide_1.4.0/stm32cubeide/plugins/com.st.stm32cube.ide.mcu.externaltools.gnu-tools-for-stm32.10.3-2021.10.win32_1.0.200.202301161003/tools/bin/../lib/gcc/arm-none-eabi/10.3.1/thumb/v7-m/nofp/crtbegin.o
 .text          0x0000000000000000       0x7c c:/st/stm32cubeide_1.4.0/stm32cubeide/plugins/com.st.stm32cube.ide.mcu.externaltools.gnu-tools-for-stm32.10.3-2021.10.win32_1.0.200.202301161003/tools/bin/../lib/gcc/arm-none-eabi/10.3.1/../../../../arm-none-eabi/lib/thumb/v7-m/nofp/crt0.o
 .data          0x0000000000000000        0x0 c:/st/stm32cubeide_1.4.0/stm32cubeide/plugins/com.st.stm32cube.ide.mcu.externaltools.gnu-tools-for-stm32.10.3-2021.10.win32_1.0.200.202301161003/tools/bin/../lib/gcc/arm-none-eabi/10.3.1/../../../../arm-none-eabi/lib/thumb/v7-m/nofp/crt0.o
 .bss           0x0000000000000000        0x0 c:/st/stm32cubeide_1.4.0/stm32cubeide/plugins/com.st.stm32cube.ide.mcu.externaltools.gnu-tools-for-stm32.10.3-2021.10.win32_1.0.200.202301161003/tools/bin/../lib/gcc/arm-none-eabi/10.3.1/../../../../arm-none-eabi/lib/thumb/v7-m/nofp/crt0.o
[...]
Memory Configuration

Name             Origin             Length             Attributes
RAM              0x0000000020000000 0x0000000000002800 xrw
ROM              0x0000000008000000 0x0000000000008000 xr
*default*        0x0000000000000000 0xffffffffffffffff

Linker script and memory map

LOAD c:/st/stm32cubeide_1.4.0/stm32cubeide/plugins/com.st.stm32cube.ide.mcu.externaltools.gnu-tools-for-stm32.10.3-2021.10.win32_1.0.200.202301161003/tools/bin/../lib/gcc/arm-none-eabi/10.3.1/thumb/v7-m/nofp/crti.o
LOAD c:/st/stm32cubeide_1.4.0/stm32cubeide/plugins/com.st.stm32cube.ide.mcu.externaltools.gnu-tools-for-stm32.10.3-2021.10.win32_1.0.200.202301161003/tools/bin/../lib/gcc/arm-none-eabi/10.3.1/thumb/v7-m/nofp/crtbegin.o
LOAD c:/st/stm32cubeide_1.4.0/stm32cubeide/plugins/com.st.stm32cube.ide.mcu.externaltools.gnu-tools-for-stm32.10.3-2021.10.win32_1.0.200.202301161003/tools/bin/../lib/gcc/arm-none-eabi/10.3.1/../../../../arm-none-eabi/lib/thumb/v7-m/nofp/crt0.o
LOAD ./AUTOSAR_Implementaion/DoorLockIndication_SWC.o
LOAD ./AUTOSAR_Implementaion/DoorSensorAbstraction.o
LOAD ./AUTOSAR_Implementaion/MCAL/DIO.o
LOAD ./AUTOSAR_Implementaion/RTE_Generated_Files/Rte_DoorLockIndication_SWC.o
LOAD ./AUTOSAR_Implementaion/RTE_Generated_Files/Rte_DoorSensorAbstraction.o
LOAD ./HAL/7_segments.o
LOAD ./HAL/I2C_slave_EEPROM.o
LOAD ./HAL/LCD.o
LOAD ./HAL/Servo_Motor.o
LOAD ./HAL/keybad.o
LOAD ./STM32F103C6_DRIVER/EXTI/STM32F103C6_DRIVER_EXTI.o
LOAD ./STM32F103C6_DRIVER/GPIO/STM32F103C6_DRIVER_GPIO.o
LOAD ./STM32F103C6_DRIVER/I2C/STM32F103C6_DRIVER_I2C.o
LOAD ./STM32F103C6_DRIVER/RCC/STM32F103C6_DRIVER_RCC.o
LOAD ./STM32F103C6_DRIVER/SPI/STM32F103C6_DRIVER_SPI.o
LOAD ./STM32F103C6_DRIVER/TIMER/STM32F103C6_DRIVER_TIMER.o
LOAD ./STM32F103C6_DRIVER/USART/STM32F103C6_DRIVER_USART.o
LOAD ./Src/main.o
LOAD ./Src/syscalls.o
LOAD ./Src/sysmem.o
LOAD ./Startup/startup_stm32f103c6tx.o
START GROUP
LOAD c:/st/stm32cubeide_1.4.0/stm32cubeide/plugins/com.st.stm32cube.ide.mcu.externaltools.gnu-tools-for-stm32.10.3-2021.10.win32_1.0.200.202301161003/tools/bin/../lib/gcc/arm-none-eabi/10.3.1/../../../../arm-none-eabi/lib/thumb/v7-m/nofp\libc_nano.a
LOAD c:/st/stm32cubeide_1.4.0/stm32cubeide/plugins/com.st.stm32cube.ide.mcu.externaltools.gnu-tools-for-stm32.10.3-2021.10.win32_1.0.200.202301161003/tools/bin/../lib/gcc/arm-none-eabi/10.3.1/../../../../arm-none-eabi/lib/thumb/v7-m/nofp\libm.a
END GROUP
START GROUP
LOAD c:/st/stm32cubeide_1.4.0/stm32cubeide/plugins/com.st.stm32cube.ide.mcu.externaltools.gnu-tools-for-stm32.10.3-2021.10.win32_1.0.200.202301161003/tools/bin/../lib/gcc/arm-none-eabi/10.3.1/thumb/v7-m/nofp\libgcc.a
LOAD c:/st/stm32cubeide_1.4.0/stm32cubeide/plugins/com.st.stm32cube.ide.mcu.externaltools.gnu-tools-for-stm32.10.3-2021.10.win32_1.0.200.202301161003/tools/bin/../lib/gcc/arm-none-eabi/10.3.1/../../../../arm-none-eabi/lib/thumb/v7-m/nofp\libg_nano.a
LOAD c:/st/stm32cubeide_1.4.0/stm32cubeide/plugins/com.st.stm32cube.ide.mcu.externaltools.gnu-tools-for-stm32.10.3-2021.10.win32_1.0.200.202301161003/tools/bin/../lib/gcc/arm-none-eabi/10.3.1/../../../../arm-none-eabi/lib/thumb/v7-m/nofp\libc_nano.a
END GROUP
START GROUP
LOAD c:/st/stm32cubeide_1.4.0/stm32cubeide/plugins/com.st.stm32cube.ide.mcu.externaltools.gnu-tools-for-stm32.10.3-2021.10.win32_1.0.200.202301161003/tools/bin/../lib/gcc/arm-none-eabi/10.3.1/thumb/v7-m/nofp\libgcc.a
LOAD c:/st/stm32cubeide_1.4.0/stm32cubeide/plugins/com.st.stm32cube.ide.mcu.externaltools.gnu-tools-for-stm32.10.3-2021.10.win32_1.0.200.202301161003/tools/bin/../lib/gcc/arm-none-eabi/10.3.1/../../../../arm-none-eabi/lib/thumb/v7-m/nofp\libc_nano.a
LOAD c:/st/stm32cubeide_1.4.0/stm32cubeide/plugins/com.st.stm32cube.ide.mcu.externaltools.gnu-tools-for-stm32.10.3-2021.10.win32_1.0.200.202301161003/tools/bin/../lib/gcc/arm-none-eabi/10.3.1/../../../../arm-none-eabi/lib/thumb/v7-m/nofp\libnosys.a
END GROUP
START GROUP
LOAD c:/st/stm32cubeide_1.4.0/stm32cubeide/plugins/com.st.stm32cube.ide.mcu.externaltools.gnu-tools-for-stm32.10.3-2021.10.win32_1.0.200.202301161003/tools/bin/../lib/gcc/arm-none-eabi/10.3.1/thumb/v7-m/nofp\libgcc.a
LOAD c:/st/stm32cubeide_1.4.0/stm32cubeide/plugins/com.st.stm32cube.ide.mcu.externaltools.gnu-tools-for-stm32.10.3-2021.10.win32_1.0.200.202301161003/tools/bin/../lib/gcc/arm-none-eabi/10.3.1/../../../../arm-none-eabi/lib/thumb/v7-m/nofp\libc_nano.a
LOAD c:/st/stm32cubeide_1.4.0/stm32cubeide/plugins/com.st.stm32cube.ide.mcu.externaltools.gnu-tools-for-stm32.10.3-2021.10.win32_1.0.200.202301161003/tools/bin/../lib/gcc/arm-none-eabi/10.3.1/../../../../arm-none-eabi/lib/thumb/v7-m/nofp\libnosys.a
END GROUP
LOAD c:/st/stm32cubeide_1.4.0/stm32cubeide/plugins/com.st.stm32cube.ide.mcu.externaltools.gnu-tools-for-stm32.10.3-2021.10.win32_1.0.200.202301161003/tools/bin/../lib/gcc/arm-none-eabi/10.3.1/thumb/v7-m/nofp/crtend.o
LOAD c:/st/stm32cubeide_1.4.0/stm32cubeide/plugins/com.st.stm32cube.ide.mcu.externaltools.gnu-tools-for-stm32.10.3-2021.10.win32_1.0.200.202301161003/tools/bin/../lib/gcc/arm-none-eabi/10.3.1/thumb/v7-m/nofp/crtn.o
                0x0000000020002800                _estack = (ORIGIN (RAM) + LENGTH (RAM))
                0x0000000000000200                _Min_Heap_Size = 0x200
                0x0000000000000400                _Min_Stack_Size = 0x400

.isr_vector     0x0000000008000000      0x130
                0x0000000008000000                . = ALIGN (0x4)
 *(.isr_vector)
 .isr_vector    0x0000000008000000      0x130 ./Startup/startup_stm32f103c6tx.o
                0x0000000008000000                g_pfnVectors
                0x0000000008000130                . = ALIGN (0x4)

.text           0x0000000008000130      0xa1c
                0x0000000008000130                . = ALIGN (0x4)
 *(.text)
 .text          0x0000000008000130       0x40 c:/st/stm32cubeide_1.4.0/stm32cubeide/plugins/com.st.stm32cube.ide.mcu.externaltools.gnu-tools-for-stm32.10.3-2021.10.win32_1.0.200.202301161003/tools/bin/../lib/gcc/arm-none-eabi/10.3.1/thumb/v7-m/nofp/crtbegin.o
 *(.text*)
 .text.DoorLockIndication_SWC_runable
                0x0000000008000170       0x2e ./AUTOSAR_Implementaion/DoorLockIndication_SWC.o
                0x0000000008000170                DoorLockIndication_SWC_runable
 .text.Led_Switch_Set_runnable
                0x000000000800019e       0x38 ./AUTOSAR_Implementaion/DoorSensorAbstraction.o
                0x000000000800019e                Led_Switch_Set_runnable
 .text.Door_Get_state_runnable
                0x00000000080001d6       0x24 ./AUTOSAR_Implementaion/DoorSensorAbstraction.o
                0x00000000080001d6                Door_Get_state_runnable
 *fill*         0x00000000080001fa        0x2 
 .text.Dio_ReadChannel
                0x00000000080001fc       0x24 ./AUTOSAR_Implementaion/MCAL/DIO.o
                0x00000000080001fc                Dio_ReadChannel
 .text.Dio_WriteChannel
                0x0000000008000220       0x2c ./AUTOSAR_Implementaion/MCAL/DIO.o
                0x0000000008000220                Dio_WriteChannel
 .text.Rte_Read_DoorLockIndication_SWC_RP_SR_door_state_DoorState
                0x000000000800024c       0x28 ./AUTOSAR_Implementaion/RTE_Generated_Files/Rte_DoorLockIndication_SWC.o
                0x000000000800024c                Rte_Read_DoorLockIndication_SWC_RP_SR_door_state_DoorState
 .text.Rte_Call_DoorLockIndication_SWC_RP_CS_ledControl_led_switch
                0x0000000008000274       0x40 ./AUTOSAR_Implementaion/RTE_Generated_Files/Rte_DoorLockIndication_SWC.o
                0x0000000008000274                Rte_Call_DoorLockIndication_SWC_RP_CS_ledControl_led_switch
 .text.Rte_IWrite_DoorSensorAbstraction_Door_Get_state_PP_SR_door_state_DoorState
                0x00000000080002b4       0x20 ./AUTOSAR_Implementaion/RTE_Generated_Files/Rte_DoorSensorAbstraction.o
                0x00000000080002b4                Rte_IWrite_DoorSensorAbstraction_Door_Get_state_PP_SR_door_state_DoorState
 .text.EXTI0_IRQHandler
                0x00000000080002d4       0x24 ./STM32F103C6_DRIVER/EXTI/STM32F103C6_DRIVER_EXTI.o
                0x00000000080002d4                EXTI0_IRQHandler
 .text.EXTI1_IRQHandler
                0x00000000080002f8       0x24 ./STM32F103C6_DRIVER/EXTI/STM32F103C6_DRIVER_EXTI.o
                0x00000000080002f8                EXTI1_IRQHandler
 .text.EXTI2_IRQHandler
                0x000000000800031c       0x24 ./STM32F103C6_DRIVER/EXTI/STM32F103C6_DRIVER_EXTI.o
                0x000000000800031c                EXTI2_IRQHandler
 .text.EXTI3_IRQHandler
                0x0000000008000340       0x24 ./STM32F103C6_DRIVER/EXTI/STM32F103C6_DRIVER_EXTI.o
                0x0000000008000340                EXTI3_IRQHandler
 .text.EXTI4_IRQHandler
                0x0000000008000364       0x24 ./STM32F103C6_DRIVER/EXTI/STM32F103C6_DRIVER_EXTI.o
                0x0000000008000364                EXTI4_IRQHandler
 .text.EXTI9_5_IRQHandler
                0x0000000008000388       0xa8 ./STM32F103C6_DRIVER/EXTI/STM32F103C6_DRIVER_EXTI.o
                0x0000000008000388                EXTI9_5_IRQHandler
 .text.GET_position_CRLH
                0x0000000008000430      0x170 ./STM32F103C6_DRIVER/GPIO/STM32F103C6_DRIVER_GPIO.o
                0x0000000008000430                GET_position_CRLH
 .text.MCAL_GPIO_Init
                0x00000000080005a0       0xfe ./STM32F103C6_DRIVER/GPIO/STM32F103C6_DRIVER_GPIO.o
                0x00000000080005a0                MCAL_GPIO_Init
 .text.MCAL_GPIO_Readpin
                0x000000000800069e       0x28 ./STM32F103C6_DRIVER/GPIO/STM32F103C6_DRIVER_GPIO.o
                0x000000000800069e                MCAL_GPIO_Readpin
 .text.MCAL_GPIO_Writepin
                0x00000000080006c6       0x2e ./STM32F103C6_DRIVER/GPIO/STM32F103C6_DRIVER_GPIO.o
                0x00000000080006c6                MCAL_GPIO_Writepin
 .text.I2C1_ER_IRQHandler
                0x00000000080006f4        0xc ./STM32F103C6_DRIVER/I2C/STM32F103C6_DRIVER_I2C.o
                0x00000000080006f4                I2C1_ER_IRQHandler
 .text.I2C1_EV_IRQHandler
                0x0000000008000700       0xec ./STM32F103C6_DRIVER/I2C/STM32F103C6_DRIVER_I2C.o
                0x0000000008000700                I2C1_EV_IRQHandler
 .text.Slave_States
                0x00000000080007ec       0xe0 ./STM32F103C6_DRIVER/I2C/STM32F103C6_DRIVER_I2C.o
                0x00000000080007ec                Slave_States
 .text.I2C2_ER_IRQHandler
                0x00000000080008cc        0xc ./STM32F103C6_DRIVER/I2C/STM32F103C6_DRIVER_I2C.o
                0x00000000080008cc                I2C2_ER_IRQHandler
 .text.I2C2_EV_IRQHandler
                0x00000000080008d8        0xc ./STM32F103C6_DRIVER/I2C/STM32F103C6_DRIVER_I2C.o
                0x00000000080008d8                I2C2_EV_IRQHandler
 .text.SPI1_IRQHandler
                0x00000000080008e4       0x5c ./STM32F103C6_DRIVER/SPI/STM32F103C6_DRIVER_SPI.o
                0x00000000080008e4                SPI1_IRQHandler
 .text.SPI2_IRQHandler
                0x0000000008000940       0x5c ./STM32F103C6_DRIVER/SPI/STM32F103C6_DRIVER_SPI.o
                0x0000000008000940                SPI2_IRQHandler
 .text.USART1_IRQHandler
                0x000000000800099c       0x14 ./STM32F103C6_DRIVER/USART/STM32F103C6_DRIVER_USART.o
                0x000000000800099c                USART1_IRQHandler
 .text.USART2_IRQHandler
                0x00000000080009b0       0x14 ./STM32F103C6_DRIVER/USART/STM32F103C6_DRIVER_USART.o
                0x00000000080009b0                USART2_IRQHandler
 .text.USART3_IRQHandler
                0x00000000080009c4       0x14 ./STM32F103C6_DRIVER/USART/STM32F103C6_DRIVER_USART.o
                0x00000000080009c4                USART3_IRQHandler
 .text.MCU_Init
                0x00000000080009d8       0x4c ./Src/main.o
                0x00000000080009d8                MCU_Init
 .text.wait_cycles
                0x0000000008000a24       0x2c ./Src/main.o
                0x0000000008000a24                wait_cycles
 .text.StartOS  0x0000000008000a50       0x3a ./Src/main.o
                0x0000000008000a50                StartOS
 .text.main     0x0000000008000a8a        0xe ./Src/main.o
                0x0000000008000a8a                main
 .text.Reset_Handler
                0x0000000008000a98       0x50 ./Startup/startup_stm32f103c6tx.o
                0x0000000008000a98                Reset_Handler
 .text.Default_Handler
                0x0000000008000ae8        0x2 ./Startup/startup_stm32f103c6tx.o
                0x0000000008000ae8                TIM8_TRG_COM_IRQHandler
                0x0000000008000ae8                TIM8_CC_IRQHandler
                0x0000000008000ae8                DebugMon_Handler
                0x0000000008000ae8                TIM1_CC_IRQHandler
                0x0000000008000ae8                HardFault_Handler
                0x0000000008000ae8                TIM6_IRQHandler
                0x0000000008000ae8                SysTick_Handler
                0x0000000008000ae8                PVD_IRQHandler
                0x0000000008000ae8                SDIO_IRQHandler
                0x0000000008000ae8                PendSV_Handler
                0x0000000008000ae8                NMI_Handler
                0x0000000008000ae8                USB_HP_CAN_TX_IRQHandler
                0x0000000008000ae8                UsageFault_Handler
                0x0000000008000ae8                ADC1_2_IRQHandler
                0x0000000008000ae8                CAN_SCE_IRQHandler
                0x0000000008000ae8                TAMPER_IRQHandler
                0x0000000008000ae8                TIM8_UP_IRQHandler
                0x0000000008000ae8                DMA2_Channel2_IRQHandler
                0x0000000008000ae8                DMA1_Channel4_IRQHandler
                0x0000000008000ae8                RTC_IRQHandler
                0x0000000008000ae8                DMA1_Channel7_IRQHandler
                0x0000000008000ae8                UART5_IRQHandler
                0x0000000008000ae8                ADC3_IRQHandler
                0x0000000008000ae8                TIM4_IRQHandler
                0x0000000008000ae8                CAN_RX1_IRQHandler
                0x0000000008000ae8                DMA2_Channel1_IRQHandler
                0x0000000008000ae8                DMA1_Channel6_IRQHandler
                0x0000000008000ae8                UART4_IRQHandler
                0x0000000008000ae8                TIM3_IRQHandler
                0x0000000008000ae8                RCC_IRQHandler
                0x0000000008000ae8                TIM1_TRG_COM_IRQHandler
                0x0000000008000ae8                DMA1_Channel1_IRQHandler
                0x0000000008000ae8                Default_Handler
                0x0000000008000ae8                EXTI15_10_IRQHandler
                0x0000000008000ae8                TIM7_IRQHandler
                0x0000000008000ae8                TIM5_IRQHandler
                0x0000000008000ae8                USB_LP_CAN_RX0_IRQHandler
                0x0000000008000ae8                MemManage_Handler
                0x0000000008000ae8                SVC_Handler
                0x0000000008000ae8                DMA1_Channel5_IRQHandler
                0x0000000008000ae8                DMA1_Channel3_IRQHandler
                0x0000000008000ae8                FSMC_IRQHandler
                0x0000000008000ae8                TIM1_UP_IRQHandler
                0x0000000008000ae8                WWDG_IRQHandler
                0x0000000008000ae8                TIM2_IRQHandler
                0x0000000008000ae8                TIM1_BRK_IRQHandler
                0x0000000008000ae8                RTCAlarm_IRQHandler
                0x0000000008000ae8                DMA2_Channel4_5_IRQHandler
                0x0000000008000ae8                DMA1_Channel2_IRQHandler
                0x0000000008000ae8                TIM8_BRK_IRQHandler
                0x0000000008000ae8                FLASH_IRQHandler
                0x0000000008000ae8                BusFault_Handler
                0x0000000008000ae8                SPI3_IRQHandler
                0x0000000008000ae8                DMA2_Channel3_IRQHandler
 *fill*         0x0000000008000aea        0x2 
 .text.__libc_init_array
                0x0000000008000aec       0x48 c:/st/stm32cubeide_1.4.0/stm32cubeide/plugins/com.st.stm32cube.ide.mcu.externaltools.gnu-tools-for-stm32.10.3-2021.10.win32_1.0.200.202301161003/tools/bin/../lib/gcc/arm-none-eabi/10.3.1/../../../../arm-none-eabi/lib/thumb/v7-m/nofp\libc_nano.a(lib_a-init.o)
                0x0000000008000aec                __libc_init_array
 *(.glue_7)
 .glue_7        0x0000000008000b34        0x0 linker stubs
 *(.glue_7t)
 .glue_7t       0x0000000008000b34        0x0 linker stubs
 *(.eh_frame)
 .eh_frame      0x0000000008000b34        0x0 c:/st/stm32cubeide_1.4.0/stm32cubeide/plugins/com.st.stm32cube.ide.mcu.externaltools.gnu-tools-for-stm32.10.3-2021.10.win32_1.0.200.202301161003/tools/bin/../lib/gcc/arm-none-eabi/10.3.1/thumb/v7-m/nofp/crtbegin.o
 *(.init)
 .init          0x0000000008000b34        0x4 c:/st/stm32cubeide_1.4.0/stm32cubeide/plugins/com.st.stm32cube.ide.mcu.externaltools.gnu-tools-for-stm32.10.3-2021.10.win32_1.0.200.202301161003/tools/bin/../lib/gcc/arm-none-eabi/10.3.1/thumb/v7-m/nofp/crti.o
                0x0000000008000b34                _init
 .init          0x0000000008000b38        0x8 c:/st/stm32cubeide_1.4.0/stm32cubeide/plugins/com.st.stm32cube.ide.mcu.externaltools.gnu-tools-for-stm32.10.3-2021.10.win32_1.0.200.202301161003/tools/bin/../lib/gcc/arm-none-eabi/10.3.1/thumb/v7-m/nofp/crtn.o
 *(.fini)
 .fini          0x0000000008000b40        0x4 c:/st/stm32cubeide_1.4.0/stm32cubeide/plugins/com.st.stm32cube.ide.mcu.externaltools.gnu-tools-for-stm32.10.3-2021.10.win32_1.0.200.202301161003/tools/bin/../lib/gcc/arm-none-eabi/10.3.1/thumb/v7-m/nofp/crti.o
                0x0000000008000b40                _fini
 .fini          0x0000000008000b44        0x8 c:/st/stm32cubeide_1.4.0/stm32cubeide/plugins/com.st.stm32cube.ide.mcu.externaltools.gnu-tools-for-stm32.10.3-2021.10.win32_1.0.200.202301161003/tools/bin/../lib/gcc/arm-none-eabi/10.3.1/thumb/v7-m/nofp/crtn.o
                0x0000000008000b4c                . = ALIGN (0x4)
                0x0000000008000b4c                _etext = .

.vfp11_veneer   0x0000000008000b4c        0x0
 .vfp11_veneer  0x0000000008000b4c        0x0 linker stubs

.v4_bx          0x0000000008000b4c        0x0
 .v4_bx         0x0000000008000b4c        0x0 linker stubs

.iplt           0x0000000008000b4c        0x0
 .iplt          0x0000000008000b4c        0x0 c:/st/stm32cubeide_1.4.0/stm32cubeide/plugins/com.st.stm32cube.ide.mcu.externaltools.gnu-tools-for-stm32.10.3-2021.10.win32_1.0.200.202301161003/tools/bin/../lib/gcc/arm-none-eabi/10.3.1/thumb/v7-m/nofp/crtbegin.o

.rodata         0x0000000008000b4c        0x4
                0x0000000008000b4c                . = ALIGN (0x4)
 *(.rodata)
 *(.rodata*)
 .rodata.Rte_Instance_DoorSensorAbstraction
                0x0000000008000b4c        0x4 ./AUTOSAR_Implementaion/RTE_Generated_Files/Rte_DoorSensorAbstraction.o
                0x0000000008000b4c                Rte_Instance_DoorSensorAbstraction
                0x0000000008000b50                . = ALIGN (0x4)

.rel.dyn        0x0000000008000b50        0x0
 .rel.iplt      0x0000000008000b50        0x0 c:/st/stm32cubeide_1.4.0/stm32cubeide/plugins/com.st.stm32cube.ide.mcu.externaltools.gnu-tools-for-stm32.10.3-2021.10.win32_1.0.200.202301161003/tools/bin/../lib/gcc/arm-none-eabi/10.3.1/thumb/v7-m/nofp/crtbegin.o

.ARM.extab      0x0000000008000b50        0x0
                0x0000000008000b50                . = ALIGN (0x4)
 *(.ARM.extab* .gnu.linkonce.armextab.*)
                0x0000000008000b50                . = ALIGN (0x4)

.ARM            0x0000000008000b50        0x0
                0x0000000008000b50                . = ALIGN (0x4)
                0x0000000008000b50                __exidx_start = .
 *(.ARM.exidx*)
                0x0000000008000b50                __exidx_end = .
                0x0000000008000b50                . = ALIGN (0x4)

.preinit_array  0x0000000008000b50        0x0
                0x0000000008000b50                . = ALIGN (0x4)
                0x0000000008000b50                PROVIDE (__preinit_array_start = .)
 *(.preinit_array*)
                0x0000000008000b50                PROVIDE (__preinit_array_end = .)
                0x0000000008000b50                . = ALIGN (0x4)

.init_array     0x0000000008000b50        0x4
                0x0000000008000b50                . = ALIGN (0x4)
                0x0000000008000b50                PROVIDE (__init_array_start = .)
 *(SORT_BY_NAME(.init_array.*))
 *(.init_array*)
 .init_array    0x0000000008000b50        0x4 c:/st/stm32cubeide_1.4.0/stm32cubeide/plugins/com.st.stm32cube.ide.mcu.externaltools.gnu-tools-for-stm32.10.3-2021.10.win32_1.0.200.202301161003/tools/bin/../lib/gcc/arm-none-eabi/10.3.1/thumb/v7-m/nofp/crtbegin.o
                0x0000000008000b54                PROVIDE (__init_array_end = .)
                0x0000000008000b54                . = ALIGN (0x4)

.fini_array     0x0000000008000b54        0x4
                0x0000000008000b54                . = ALIGN (0x4)
                [!provide]                        PROVIDE (__fini_array_start = .)
 *(SORT_BY_NAME(.fini_array.*))
 *(.fini_array*)
 .fini_array    0x0000000008000b54        0x4 c:/st/stm32cubeide_1.4.0/stm32cubeide/plugins/com.st.stm32cube.ide.mcu.externaltools.gnu-tools-for-stm32.10.3-2021.10.win32_1.0.200.202301161003/tools/bin/../lib/gcc/arm-none-eabi/10.3.1/thumb/v7-m/nofp/crtbegin.o
                [!provide]                        PROVIDE (__fini_array_end = .)
                0x0000000008000b58                . = ALIGN (0x4)
                0x0000000008000b58                _sidata = LOADADDR (.data)

.data           0x0000000020000000        0x0 load address 0x0000000008000b58
                0x0000000020000000                . = ALIGN (0x4)
                0x0000000020000000                _sdata = .
 *(.data)
 *(.data*)
                0x0000000020000000                . = ALIGN (0x4)
                0x0000000020000000                _edata = .

.igot.plt       0x0000000020000000        0x0 load address 0x0000000008000b58
 .igot.plt      0x0000000020000000        0x0 c:/st/stm32cubeide_1.4.0/stm32cubeide/plugins/com.st.stm32cube.ide.mcu.externaltools.gnu-tools-for-stm32.10.3-2021.10.win32_1.0.200.202301161003/tools/bin/../lib/gcc/arm-none-eabi/10.3.1/thumb/v7-m/nofp/crtbegin.o
                0x0000000020000000                . = ALIGN (0x4)

.bss            0x0000000020000000       0xc4 load address 0x0000000008000b58
                0x0000000020000000                _sbss = .
                0x0000000020000000                __bss_start__ = _sbss
 *(.bss)
 .bss           0x0000000020000000       0x1c c:/st/stm32cubeide_1.4.0/stm32cubeide/plugins/com.st.stm32cube.ide.mcu.externaltools.gnu-tools-for-stm32.10.3-2021.10.win32_1.0.200.202301161003/tools/bin/../lib/gcc/arm-none-eabi/10.3.1/thumb/v7-m/nofp/crtbegin.o
 *(.bss*)
 .bss.Door_Get_state_PP_SR_door_state_DoorState
                0x000000002000001c        0x1 ./AUTOSAR_Implementaion/RTE_Generated_Files/Rte_DoorLockIndication_SWC.o
                0x000000002000001c                Door_Get_state_PP_SR_door_state_DoorState
 .bss.DoorLockIndication_SWC_RP_SR_door_state_DoorState_Buffer_retcode
                0x000000002000001d        0x1 ./AUTOSAR_Implementaion/RTE_Generated_Files/Rte_DoorLockIndication_SWC.o
                0x000000002000001d                DoorLockIndication_SWC_RP_SR_door_state_DoorState_Buffer_retcode
 .bss.DoorLockIndication_SWC_RP_CS_ledControl_led_switch_Buffer_retcode
                0x000000002000001e        0x1 ./AUTOSAR_Implementaion/RTE_Generated_Files/Rte_DoorLockIndication_SWC.o
                0x000000002000001e                DoorLockIndication_SWC_RP_CS_ledControl_led_switch_Buffer_retcode
 *fill*         0x000000002000001f        0x1 
 .bss.Rte_Call_DoorLockIndication_SWC_RP_CS_ledControl_led_switch_Delegate
                0x0000000020000020        0x4 ./AUTOSAR_Implementaion/RTE_Generated_Files/Rte_DoorLockIndication_SWC.o
                0x0000000020000020                Rte_Call_DoorLockIndication_SWC_RP_CS_ledControl_led_switch_Delegate
 .bss.GP_IRQ_CallBack
                0x0000000020000024       0x3c ./STM32F103C6_DRIVER/EXTI/STM32F103C6_DRIVER_EXTI.o
                0x0000000020000024                GP_IRQ_CallBack
 .bss.Global_I2C_Config
                0x0000000020000060       0x50 ./STM32F103C6_DRIVER/I2C/STM32F103C6_DRIVER_I2C.o
                0x0000000020000060                Global_I2C_Config
 .bss.Global_SPI_Config
                0x00000000200000b0        0x8 ./STM32F103C6_DRIVER/SPI/STM32F103C6_DRIVER_SPI.o
                0x00000000200000b0                Global_SPI_Config
 .bss.Global_UART1_Config
                0x00000000200000b8        0x4 ./STM32F103C6_DRIVER/USART/STM32F103C6_DRIVER_USART.o
                0x00000000200000b8                Global_UART1_Config
 .bss.Global_UART2_Config
                0x00000000200000bc        0x4 ./STM32F103C6_DRIVER/USART/STM32F103C6_DRIVER_USART.o
                0x00000000200000bc                Global_UART2_Config
 .bss.Global_UART3_Config
                0x00000000200000c0        0x4 ./STM32F103C6_DRIVER/USART/STM32F103C6_DRIVER_USART.o
                0x00000000200000c0                Global_UART3_Config
 *(COMMON)
                0x00000000200000c4                . = ALIGN (0x4)
                0x00000000200000c4                _ebss = .
                0x00000000200000c4                __bss_end__ = _ebss

._user_heap_stack
                0x00000000200000c4      0x604 load address 0x0000000008000b58
                0x00000000200000c8                . = ALIGN (0x8)
 *fill*         0x00000000200000c4        0x4 
                [!provide]                        PROVIDE (end = .)
                0x00000000200000c8                PROVIDE (_end = .)
                0x00000000200002c8                . = (. + _Min_Heap_Size)
 *fill*         0x00000000200000c8      0x200 
                0x00000000200006c8                . = (. + _Min_Stack_Size)
 *fill*         0x00000000200002c8      0x400 
                0x00000000200006c8                . = ALIGN (0x8)
                0x00000000200006c8                _eheap = .

/DISCARD/
 libc.a(*)
 libm.a(*)
 libgcc.a(*)

.ARM.attributes
                0x0000000000000000       0x29
 *(.ARM.attributes)
 .ARM.attributes
                0x0000000000000000       0x1d c:/st/stm32cubeide_1.4.0/stm32cubeide/plugins/com.st.stm32cube.ide.mcu.externaltools.gnu-tools-for-stm32.10.3-2021.10.win32_1.0.200.202301161003/tools/bin/../lib/gcc/arm-none-eabi/10.3.1/thumb/v7-m/nofp/crti.o
 .ARM.attributes
                0x000000000000001d       0x2d c:/st/stm32cubeide_1.4.0/stm32cubeide/plugins/com.st.stm32cube.ide.mcu.externaltools.gnu-tools-for-stm32.10.3-2021.10.win32_1.0.200.202301161003/tools/bin/../lib/gcc/arm-none-eabi/10.3.1/thumb/v7-m/nofp/crtbegin.o
 .ARM.attributes
                0x000000000000004a       0x2d ./AUTOSAR_Implementaion/DoorLockIndication_SWC.o
 .ARM.attributes
                0x0000000000000077       0x2d ./AUTOSAR_Implementaion/DoorSensorAbstraction.o
 .ARM.attributes
                0x00000000000000a4       0x2d ./AUTOSAR_Implementaion/MCAL/DIO.o
 .ARM.attributes
                0x00000000000000d1       0x2d ./AUTOSAR_Implementaion/RTE_Generated_Files/Rte_DoorLockIndication_SWC.o
 .ARM.attributes
                0x00000000000000fe       0x2d ./AUTOSAR_Implementaion/RTE_Generated_Files/Rte_DoorSensorAbstraction.o
 .ARM.attributes
                0x000000000000012b       0x2d ./STM32F103C6_DRIVER/EXTI/STM32F103C6_DRIVER_EXTI.o
 .ARM.attributes
                0x0000000000000158       0x2d ./STM32F103C6_DRIVER/GPIO/STM32F103C6_DRIVER_GPIO.o
 .ARM.attributes
                0x0000000000000185       0x2d ./STM32F103C6_DRIVER/I2C/STM32F103C6_DRIVER_I2C.o
 .ARM.attributes
                0x00000000000001b2       0x2d ./STM32F103C6_DRIVER/SPI/STM32F103C6_DRIVER_SPI.o
 .ARM.attributes
                0x00000000000001df       0x2d ./STM32F103C6_DRIVER/USART/STM32F103C6_DRIVER_USART.o
 .ARM.attributes
                0x000000000000020c       0x2d ./Src/main.o
 .ARM.attributes
                0x0000000000000239       0x21 ./Startup/startup_stm32f103c6tx.o
 .ARM.attributes
                0x000000000000025a       0x2d c:/st/stm32cubeide_1.4.0/stm32cubeide/plugins/com.st.stm32cube.ide.mcu.externaltools.gnu-tools-for-stm32.10.3-2021.10.win32_1.0.200.202301161003/tools/bin/../lib/gcc/arm-none-eabi/10.3.1/../../../../arm-none-eabi/lib/thumb/v7-m/nofp\libc_nano.a(lib_a-init.o)
 .ARM.attributes
                0x0000000000000287       0x1d c:/st/stm32cubeide_1.4.0/stm32cubeide/plugins/com.st.stm32cube.ide.mcu.externaltools.gnu-tools-for-stm32.10.3-2021.10.win32_1.0.200.202301161003/tools/bin/../lib/gcc/arm-none-eabi/10.3.1/thumb/v7-m/nofp/crtn.o
OUTPUT(DoorLockIndication.elf elf32-littlearm)
LOAD linker stubs
LOAD c:/st/stm32cubeide_1.4.0/stm32cubeide/plugins/com.st.stm32cube.ide.mcu.externaltools.gnu-tools-for-stm32.10.3-2021.10.win32_1.0.200.202301161003/tools/bin/../lib/gcc/arm-none-eabi/10.3.1/../../../../arm-none-eabi/lib/thumb/v7-m/nofp\libc.a
LOAD c:/st/stm32cubeide_1.4.0/stm32cubeide/plugins/com.st.stm32cube.ide.mcu.externaltools.gnu-tools-for-stm32.10.3-2021.10.win32_1.0.200.202301161003/tools/bin/../lib/gcc/arm-none-eabi/10.3.1/../../../../arm-none-eabi/lib/thumb/v7-m/nofp\libm.a
LOAD c:/st/stm32cubeide_1.4.0/stm32cubeide/plugins/com.st.stm32cube.ide.mcu.externaltools.gnu-tools-for-stm32.10.3-2021.10.win32_1.0.200.202301161003/tools/bin/../lib/gcc/arm-none-eabi/10.3.1/thumb/v7-m/nofp\libgcc.a

.debug_info     0x0000000000000000     0x2dbf
 .debug_info    0x0000000000000000      0x132 ./AUTOSAR_Implementaion/DoorLockIndication_SWC.o
 .debug_info    0x0000000000000132      0x189 ./AUTOSAR_Implementaion/DoorSensorAbstraction.o
 .debug_info    0x00000000000002bb      0x1f4 ./AUTOSAR_Implementaion/MCAL/DIO.o
 .debug_info    0x00000000000004af      0x253 ./AUTOSAR_Implementaion/RTE_Generated_Files/Rte_DoorLockIndication_SWC.o
 .debug_info    0x0000000000000702      0x18c ./AUTOSAR_Implementaion/RTE_Generated_Files/Rte_DoorSensorAbstraction.o
 .debug_info    0x000000000000088e      0x52c ./STM32F103C6_DRIVER/EXTI/STM32F103C6_DRIVER_EXTI.o
 .debug_info    0x0000000000000dba      0x4d9 ./STM32F103C6_DRIVER/GPIO/STM32F103C6_DRIVER_GPIO.o
 .debug_info    0x0000000000001293      0xaf0 ./STM32F103C6_DRIVER/I2C/STM32F103C6_DRIVER_I2C.o
 .debug_info    0x0000000000001d83      0x69a ./STM32F103C6_DRIVER/SPI/STM32F103C6_DRIVER_SPI.o
 .debug_info    0x000000000000241d      0x61e ./STM32F103C6_DRIVER/USART/STM32F103C6_DRIVER_USART.o
 .debug_info    0x0000000000002a3b      0x362 ./Src/main.o
 .debug_info    0x0000000000002d9d       0x22 ./Startup/startup_stm32f103c6tx.o

.debug_abbrev   0x0000000000000000      0xf13
 .debug_abbrev  0x0000000000000000       0x90 ./AUTOSAR_Implementaion/DoorLockIndication_SWC.o
 .debug_abbrev  0x0000000000000090       0xcb ./AUTOSAR_Implementaion/DoorSensorAbstraction.o
 .debug_abbrev  0x000000000000015b      0x10c ./AUTOSAR_Implementaion/MCAL/DIO.o
 .debug_abbrev  0x0000000000000267      0x142 ./AUTOSAR_Implementaion/RTE_Generated_Files/Rte_DoorLockIndication_SWC.o
 .debug_abbrev  0x00000000000003a9       0xfb ./AUTOSAR_Implementaion/RTE_Generated_Files/Rte_DoorSensorAbstraction.o
 .debug_abbrev  0x00000000000004a4      0x19a ./STM32F103C6_DRIVER/EXTI/STM32F103C6_DRIVER_EXTI.o
 .debug_abbrev  0x000000000000063e      0x16f ./STM32F103C6_DRIVER/GPIO/STM32F103C6_DRIVER_GPIO.o
 .debug_abbrev  0x00000000000007ad      0x257 ./STM32F103C6_DRIVER/I2C/STM32F103C6_DRIVER_I2C.o
 .debug_abbrev  0x0000000000000a04      0x1c7 ./STM32F103C6_DRIVER/SPI/STM32F103C6_DRIVER_SPI.o
 .debug_abbrev  0x0000000000000bcb      0x1bb ./STM32F103C6_DRIVER/USART/STM32F103C6_DRIVER_USART.o
 .debug_abbrev  0x0000000000000d86      0x17b ./Src/main.o
 .debug_abbrev  0x0000000000000f01       0x12 ./Startup/startup_stm32f103c6tx.o

.debug_loc      0x0000000000000000     0x1568
 .debug_loc     0x0000000000000000       0x50 ./AUTOSAR_Implementaion/DoorLockIndication_SWC.o
 .debug_loc     0x0000000000000050       0xa0 ./AUTOSAR_Implementaion/DoorSensorAbstraction.o
 .debug_loc     0x00000000000000f0       0xa0 ./AUTOSAR_Implementaion/MCAL/DIO.o
 .debug_loc     0x0000000000000190       0xac ./AUTOSAR_Implementaion/RTE_Generated_Files/Rte_DoorLockIndication_SWC.o
 .debug_loc     0x000000000000023c       0xa0 ./AUTOSAR_Implementaion/RTE_Generated_Files/Rte_DoorSensorAbstraction.o
 .debug_loc     0x00000000000002dc      0x320 ./STM32F103C6_DRIVER/EXTI/STM32F103C6_DRIVER_EXTI.o
 .debug_loc     0x00000000000005fc      0x38c ./STM32F103C6_DRIVER/GPIO/STM32F103C6_DRIVER_GPIO.o
 .debug_loc     0x0000000000000988      0x580 ./STM32F103C6_DRIVER/I2C/STM32F103C6_DRIVER_I2C.o
 .debug_loc     0x0000000000000f08      0x2bc ./STM32F103C6_DRIVER/SPI/STM32F103C6_DRIVER_SPI.o
 .debug_loc     0x00000000000011c4      0x294 ./STM32F103C6_DRIVER/USART/STM32F103C6_DRIVER_USART.o
 .debug_loc     0x0000000000001458      0x110 ./Src/main.o

.debug_aranges  0x0000000000000000      0x360
 .debug_aranges
                0x0000000000000000       0x20 ./AUTOSAR_Implementaion/DoorLockIndication_SWC.o
 .debug_aranges
                0x0000000000000020       0x28 ./AUTOSAR_Implementaion/DoorSensorAbstraction.o
 .debug_aranges
                0x0000000000000048       0x28 ./AUTOSAR_Implementaion/MCAL/DIO.o
 .debug_aranges
                0x0000000000000070       0x28 ./AUTOSAR_Implementaion/RTE_Generated_Files/Rte_DoorLockIndication_SWC.o
 .debug_aranges
                0x0000000000000098       0x28 ./AUTOSAR_Implementaion/RTE_Generated_Files/Rte_DoorSensorAbstraction.o
 .debug_aranges
                0x00000000000000c0       0x80 ./STM32F103C6_DRIVER/EXTI/STM32F103C6_DRIVER_EXTI.o
 .debug_aranges
                0x0000000000000140       0x68 ./STM32F103C6_DRIVER/GPIO/STM32F103C6_DRIVER_GPIO.o
 .debug_aranges
                0x00000000000001a8       0xa0 ./STM32F103C6_DRIVER/I2C/STM32F103C6_DRIVER_I2C.o
 .debug_aranges
                0x0000000000000248       0x58 ./STM32F103C6_DRIVER/SPI/STM32F103C6_DRIVER_SPI.o
 .debug_aranges
                0x00000000000002a0       0x60 ./STM32F103C6_DRIVER/USART/STM32F103C6_DRIVER_USART.o
 .debug_aranges
                0x0000000000000300       0x38 ./Src/main.o
 .debug_aranges
                0x0000000000000338       0x28 ./Startup/startup_stm32f103c6tx.o

.debug_ranges   0x0000000000000000      0x2a8
 .debug_ranges  0x0000000000000000       0x10 ./AUTOSAR_Implementaion/DoorLockIndication_SWC.o
 .debug_ranges  0x0000000000000010       0x18 ./AUTOSAR_Implementaion/DoorSensorAbstraction.o
 .debug_ranges  0x0000000000000028       0x18 ./AUTOSAR_Implementaion/MCAL/DIO.o
 .debug_ranges  0x0000000000000040       0x18 ./AUTOSAR_Implementaion/RTE_Generated_Files/Rte_DoorLockIndication_SWC.o
 .debug_ranges  0x0000000000000058       0x18 ./AUTOSAR_Implementaion/RTE_Generated_Files/Rte_DoorSensorAbstraction.o
 .debug_ranges  0x0000000000000070       0x70 ./STM32F103C6_DRIVER/EXTI/STM32F103C6_DRIVER_EXTI.o
 .debug_ranges  0x00000000000000e0       0x58 ./STM32F103C6_DRIVER/GPIO/STM32F103C6_DRIVER_GPIO.o
 .debug_ranges  0x0000000000000138       0x90 ./STM32F103C6_DRIVER/I2C/STM32F103C6_DRIVER_I2C.o
 .debug_ranges  0x00000000000001c8       0x48 ./STM32F103C6_DRIVER/SPI/STM32F103C6_DRIVER_SPI.o
 .debug_ranges  0x0000000000000210       0x50 ./STM32F103C6_DRIVER/USART/STM32F103C6_DRIVER_USART.o
 .debug_ranges  0x0000000000000260       0x28 ./Src/main.o
 .debug_ranges  0x0000000000000288       0x20 ./Startup/startup_stm32f103c6tx.o

.debug_macro    0x0000000000000000     0x3d11
 .debug_macro   0x0000000000000000      0x1c9 ./AUTOSAR_Implementaion/DoorLockIndication_SWC.o
 .debug_macro   0x00000000000001c9      0xa72 ./AUTOSAR_Implementaion/DoorLockIndication_SWC.o
 .debug_macro   0x0000000000000c3b       0x22 ./AUTOSAR_Implementaion/DoorLockIndication_SWC.o
 .debug_macro   0x0000000000000c5d       0x22 ./AUTOSAR_Implementaion/DoorLockIndication_SWC.o
 .debug_macro   0x0000000000000c7f       0x8e ./AUTOSAR_Implementaion/DoorLockIndication_SWC.o
 .debug_macro   0x0000000000000d0d       0x51 ./AUTOSAR_Implementaion/DoorLockIndication_SWC.o
 .debug_macro   0x0000000000000d5e      0x103 ./AUTOSAR_Implementaion/DoorLockIndication_SWC.o
 .debug_macro   0x0000000000000e61       0x6a ./AUTOSAR_Implementaion/DoorLockIndication_SWC.o
 .debug_macro   0x0000000000000ecb      0x1df ./AUTOSAR_Implementaion/DoorLockIndication_SWC.o
 .debug_macro   0x00000000000010aa       0x22 ./AUTOSAR_Implementaion/DoorLockIndication_SWC.o
 .debug_macro   0x00000000000010cc       0x82 ./AUTOSAR_Implementaion/DoorLockIndication_SWC.o
 .debug_macro   0x000000000000114e       0x40 ./AUTOSAR_Implementaion/DoorLockIndication_SWC.o
 .debug_macro   0x000000000000118e       0x10 ./AUTOSAR_Implementaion/DoorLockIndication_SWC.o
 .debug_macro   0x000000000000119e       0x1c ./AUTOSAR_Implementaion/DoorLockIndication_SWC.o
 .debug_macro   0x00000000000011ba       0x18 ./AUTOSAR_Implementaion/DoorLockIndication_SWC.o
 .debug_macro   0x00000000000011d2       0x52 ./AUTOSAR_Implementaion/DoorLockIndication_SWC.o
 .debug_macro   0x0000000000001224       0x3c ./AUTOSAR_Implementaion/DoorLockIndication_SWC.o
 .debug_macro   0x0000000000001260       0x34 ./AUTOSAR_Implementaion/DoorLockIndication_SWC.o
 .debug_macro   0x0000000000001294       0x16 ./AUTOSAR_Implementaion/DoorLockIndication_SWC.o
 .debug_macro   0x00000000000012aa      0x10e ./AUTOSAR_Implementaion/DoorLockIndication_SWC.o
 .debug_macro   0x00000000000013b8       0x8d ./AUTOSAR_Implementaion/DoorLockIndication_SWC.o
 .debug_macro   0x0000000000001445       0x16 ./AUTOSAR_Implementaion/DoorLockIndication_SWC.o
 .debug_macro   0x000000000000145b       0x43 ./AUTOSAR_Implementaion/DoorLockIndication_SWC.o
 .debug_macro   0x000000000000149e       0x34 ./AUTOSAR_Implementaion/DoorLockIndication_SWC.o
 .debug_macro   0x00000000000014d2       0x10 ./AUTOSAR_Implementaion/DoorLockIndication_SWC.o
 .debug_macro   0x00000000000014e2       0x58 ./AUTOSAR_Implementaion/DoorLockIndication_SWC.o
 .debug_macro   0x000000000000153a       0x71 ./AUTOSAR_Implementaion/DoorLockIndication_SWC.o
 .debug_macro   0x00000000000015ab       0x1c ./AUTOSAR_Implementaion/DoorLockIndication_SWC.o
 .debug_macro   0x00000000000015c7      0x12a ./AUTOSAR_Implementaion/DoorLockIndication_SWC.o
 .debug_macro   0x00000000000016f1      0x341 ./AUTOSAR_Implementaion/DoorLockIndication_SWC.o
 .debug_macro   0x0000000000001a32       0x16 ./AUTOSAR_Implementaion/DoorLockIndication_SWC.o
 .debug_macro   0x0000000000001a48       0x29 ./AUTOSAR_Implementaion/DoorLockIndication_SWC.o
 .debug_macro   0x0000000000001a71      0x6b8 ./AUTOSAR_Implementaion/DoorLockIndication_SWC.o
 .debug_macro   0x0000000000002129       0xd0 ./AUTOSAR_Implementaion/DoorLockIndication_SWC.o
 .debug_macro   0x00000000000021f9       0x22 ./AUTOSAR_Implementaion/DoorLockIndication_SWC.o
 .debug_macro   0x000000000000221b      0x1c9 ./AUTOSAR_Implementaion/DoorSensorAbstraction.o
 .debug_macro   0x00000000000023e4       0x10 ./AUTOSAR_Implementaion/DoorSensorAbstraction.o
 .debug_macro   0x00000000000023f4       0x1c ./AUTOSAR_Implementaion/DoorSensorAbstraction.o
 .debug_macro   0x0000000000002410      0x15b ./AUTOSAR_Implementaion/MCAL/DIO.o
 .debug_macro   0x000000000000256b       0x4c ./AUTOSAR_Implementaion/MCAL/DIO.o
 .debug_macro   0x00000000000025b7       0x94 ./AUTOSAR_Implementaion/MCAL/DIO.o
 .debug_macro   0x000000000000264b       0x57 ./AUTOSAR_Implementaion/MCAL/DIO.o
 .debug_macro   0x00000000000026a2      0x198 ./AUTOSAR_Implementaion/RTE_Generated_Files/Rte_DoorLockIndication_SWC.o
 .debug_macro   0x000000000000283a      0x174 ./AUTOSAR_Implementaion/RTE_Generated_Files/Rte_DoorLockIndication_SWC.o
 .debug_macro   0x00000000000029ae       0x10 ./AUTOSAR_Implementaion/RTE_Generated_Files/Rte_DoorLockIndication_SWC.o
 .debug_macro   0x00000000000029be       0x35 ./AUTOSAR_Implementaion/RTE_Generated_Files/Rte_DoorLockIndication_SWC.o
 .debug_macro   0x00000000000029f3       0x20 ./AUTOSAR_Implementaion/RTE_Generated_Files/Rte_DoorLockIndication_SWC.o
 .debug_macro   0x0000000000002a13       0x7c ./AUTOSAR_Implementaion/RTE_Generated_Files/Rte_DoorLockIndication_SWC.o
 .debug_macro   0x0000000000002a8f      0x198 ./AUTOSAR_Implementaion/RTE_Generated_Files/Rte_DoorSensorAbstraction.o
 .debug_macro   0x0000000000002c27      0x15b ./STM32F103C6_DRIVER/EXTI/STM32F103C6_DRIVER_EXTI.o
 .debug_macro   0x0000000000002d82      0x225 ./STM32F103C6_DRIVER/EXTI/STM32F103C6_DRIVER_EXTI.o
 .debug_macro   0x0000000000002fa7      0x14c ./STM32F103C6_DRIVER/GPIO/STM32F103C6_DRIVER_GPIO.o
 .debug_macro   0x00000000000030f3      0x16a ./STM32F103C6_DRIVER/I2C/STM32F103C6_DRIVER_I2C.o
 .debug_macro   0x000000000000325d       0x16 ./STM32F103C6_DRIVER/I2C/STM32F103C6_DRIVER_I2C.o
 .debug_macro   0x0000000000003273      0x176 ./STM32F103C6_DRIVER/SPI/STM32F103C6_DRIVER_SPI.o
 .debug_macro   0x00000000000033e9       0xbe ./STM32F103C6_DRIVER/SPI/STM32F103C6_DRIVER_SPI.o
 .debug_macro   0x00000000000034a7      0x16f ./STM32F103C6_DRIVER/USART/STM32F103C6_DRIVER_USART.o
 .debug_macro   0x0000000000003616       0xe8 ./STM32F103C6_DRIVER/USART/STM32F103C6_DRIVER_USART.o
 .debug_macro   0x00000000000036fe      0x22b ./STM32F103C6_DRIVER/USART/STM32F103C6_DRIVER_USART.o
 .debug_macro   0x0000000000003929      0x1d5 ./Src/main.o
 .debug_macro   0x0000000000003afe       0x40 ./Src/main.o
 .debug_macro   0x0000000000003b3e       0x56 ./Src/main.o
 .debug_macro   0x0000000000003b94       0x46 ./Src/main.o
 .debug_macro   0x0000000000003bda       0x73 ./Src/main.o
 .debug_macro   0x0000000000003c4d       0xc4 ./Src/main.o

.debug_line     0x0000000000000000     0x5830
 .debug_line    0x0000000000000000      0x6fe ./AUTOSAR_Implementaion/DoorLockIndication_SWC.o
 .debug_line    0x00000000000006fe      0x715 ./AUTOSAR_Implementaion/DoorSensorAbstraction.o
 .debug_line    0x0000000000000e13      0x5ca ./AUTOSAR_Implementaion/MCAL/DIO.o
 .debug_line    0x00000000000013dd      0x62c ./AUTOSAR_Implementaion/RTE_Generated_Files/Rte_DoorLockIndication_SWC.o
 .debug_line    0x0000000000001a09      0x61a ./AUTOSAR_Implementaion/RTE_Generated_Files/Rte_DoorSensorAbstraction.o
 .debug_line    0x0000000000002023      0x9e6 ./STM32F103C6_DRIVER/EXTI/STM32F103C6_DRIVER_EXTI.o
 .debug_line    0x0000000000002a09      0x810 ./STM32F103C6_DRIVER/GPIO/STM32F103C6_DRIVER_GPIO.o
 .debug_line    0x0000000000003219      0xb26 ./STM32F103C6_DRIVER/I2C/STM32F103C6_DRIVER_I2C.o
 .debug_line    0x0000000000003d3f      0x90e ./STM32F103C6_DRIVER/SPI/STM32F103C6_DRIVER_SPI.o
 .debug_line    0x000000000000464d      0x9d2 ./STM32F103C6_DRIVER/USART/STM32F103C6_DRIVER_USART.o
 .debug_line    0x000000000000501f      0x78d ./Src/main.o
 .debug_line    0x00000000000057ac       0x84 ./Startup/startup_stm32f103c6tx.o

.debug_str      0x0000000000000000     0xd4c0
 .debug_str     0x0000000000000000     0x9af9 ./AUTOSAR_Implementaion/DoorLockIndication_SWC.o
                                       0x9d11 (size before relaxing)
 .debug_str     0x0000000000009af9      0x23d ./AUTOSAR_Implementaion/DoorSensorAbstraction.o
                                       0x9d64 (size before relaxing)
 .debug_str     0x0000000000009d36       0x71 ./AUTOSAR_Implementaion/MCAL/DIO.o
                                       0x9523 (size before relaxing)
 .debug_str     0x0000000000009da7      0x276 ./AUTOSAR_Implementaion/RTE_Generated_Files/Rte_DoorLockIndication_SWC.o
                                       0x77f4 (size before relaxing)
 .debug_str     0x000000000000a01d      0x10d ./AUTOSAR_Implementaion/RTE_Generated_Files/Rte_DoorSensorAbstraction.o
                                       0x76be (size before relaxing)
 .debug_str     0x000000000000a12a     0x1624 ./STM32F103C6_DRIVER/EXTI/STM32F103C6_DRIVER_EXTI.o
                                       0xaa98 (size before relaxing)
 .debug_str     0x000000000000b74e      0x13c ./STM32F103C6_DRIVER/GPIO/STM32F103C6_DRIVER_GPIO.o
                                       0x9623 (size before relaxing)
 .debug_str     0x000000000000b88a      0x728 ./STM32F103C6_DRIVER/I2C/STM32F103C6_DRIVER_I2C.o
                                       0x9c74 (size before relaxing)
 .debug_str     0x000000000000bfb2      0x788 ./STM32F103C6_DRIVER/SPI/STM32F103C6_DRIVER_SPI.o
                                       0x9cef (size before relaxing)
 .debug_str     0x000000000000c73a      0x89e ./STM32F103C6_DRIVER/USART/STM32F103C6_DRIVER_USART.o
                                       0xb161 (size before relaxing)
 .debug_str     0x000000000000cfd8      0x4b7 ./Src/main.o
                                       0xbae3 (size before relaxing)
 .debug_str     0x000000000000d48f       0x31 ./Startup/startup_stm32f103c6tx.o
                                         0xad (size before relaxing)

.comment        0x0000000000000000       0x50
 .comment       0x0000000000000000       0x50 ./AUTOSAR_Implementaion/DoorLockIndication_SWC.o
                                         0x51 (size before relaxing)
 .comment       0x0000000000000050       0x51 ./AUTOSAR_Implementaion/DoorSensorAbstraction.o
 .comment       0x0000000000000050       0x51 ./AUTOSAR_Implementaion/MCAL/DIO.o
 .comment       0x0000000000000050       0x51 ./AUTOSAR_Implementaion/RTE_Generated_Files/Rte_DoorLockIndication_SWC.o
 .comment       0x0000000000000050       0x51 ./AUTOSAR_Implementaion/RTE_Generated_Files/Rte_DoorSensorAbstraction.o
 .comment       0x0000000000000050       0x51 ./STM32F103C6_DRIVER/EXTI/STM32F103C6_DRIVER_EXTI.o
 .comment       0x0000000000000050       0x51 ./STM32F103C6_DRIVER/GPIO/STM32F103C6_DRIVER_GPIO.o
 .comment       0x0000000000000050       0x51 ./STM32F103C6_DRIVER/I2C/STM32F103C6_DRIVER_I2C.o
 .comment       0x0000000000000050       0x51 ./STM32F103C6_DRIVER/SPI/STM32F103C6_DRIVER_SPI.o
 .comment       0x0000000000000050       0x51 ./STM32F103C6_DRIVER/USART/STM32F103C6_DRIVER_USART.o
 .comment       0x0000000000000050       0x51 ./Src/main.o

.debug_frame    0x0000000000000000      0xac8
 .debug_frame   0x0000000000000000       0x34 ./AUTOSAR_Implementaion/DoorLockIndication_SWC.o
 .debug_frame   0x0000000000000034       0x58 ./AUTOSAR_Implementaion/DoorSensorAbstraction.o
 .debug_frame   0x000000000000008c       0x58 ./AUTOSAR_Implementaion/MCAL/DIO.o
 .debug_frame   0x00000000000000e4       0x5c ./AUTOSAR_Implementaion/RTE_Generated_Files/Rte_DoorLockIndication_SWC.o
 .debug_frame   0x0000000000000140       0x58 ./AUTOSAR_Implementaion/RTE_Generated_Files/Rte_DoorSensorAbstraction.o
 .debug_frame   0x0000000000000198      0x1b0 ./STM32F103C6_DRIVER/EXTI/STM32F103C6_DRIVER_EXTI.o
 .debug_frame   0x0000000000000348      0x1a0 ./STM32F103C6_DRIVER/GPIO/STM32F103C6_DRIVER_GPIO.o
 .debug_frame   0x00000000000004e8      0x288 ./STM32F103C6_DRIVER/I2C/STM32F103C6_DRIVER_I2C.o
 .debug_frame   0x0000000000000770      0x148 ./STM32F103C6_DRIVER/SPI/STM32F103C6_DRIVER_SPI.o
 .debug_frame   0x00000000000008b8      0x14c ./STM32F103C6_DRIVER/USART/STM32F103C6_DRIVER_USART.o
 .debug_frame   0x0000000000000a04       0x98 ./Src/main.o
 .debug_frame   0x0000000000000a9c       0x2c c:/st/stm32cubeide_1.4.0/stm32cubeide/plugins/com.st.stm32cube.ide.mcu.externaltools.gnu-tools-for-stm32.10.3-2021.10.win32_1.0.200.202301161003/tools/bin/../lib/gcc/arm-none-eabi/10.3.1/../../../../arm-none-eabi/lib/thumb/v7-m/nofp\libc_nano.a(lib_a-init.o)
