../STM32F103C6_DRIVER/USART/STM32F103C6_DRIVER_USART.c:47:6:MCAL_USART_INIT	24	static
../STM32F103C6_DRIVER/USART/STM32F103C6_DRIVER_USART.c:134:6:MCAL_USART_DEINIT	16	static
../STM32F103C6_DRIVER/USART/STM32F103C6_DRIVER_USART.c:164:6:MCAL_USART_GPIO_SET_PINS	24	static
../STM32F103C6_DRIVER/USART/STM32F103C6_DRIVER_USART.c:290:6:MCAL_USART_SEND_DATA	24	static
../STM32F103C6_DRIVER/USART/STM32F103C6_DRIVER_USART.c:355:6:MCAL_USART_WAIT_TC	16	static
../STM32F103C6_DRIVER/USART/STM32F103C6_DRIVER_USART.c:363:6:MCAL_USART_RECIEVE_DATA	24	static
../STM32F103C6_DRIVER/USART/STM32F103C6_DRIVER_USART.c:470:6:USART1_IRQHandler	8	static
../STM32F103C6_DRIVER/USART/STM32F103C6_DRIVER_USART.c:474:6:USART2_IRQHandler	8	static
../STM32F103C6_DRIVER/USART/STM32F103C6_DRIVER_USART.c:478:6:USART3_IRQHandler	8	static
