../STM32F103C6_DRIVER/EXTI/STM32F103C6_DRIVER_EXTI.c:32:6:NVIC_CONTROL_ENABLE	16	static
../STM32F103C6_DRIVER/EXTI/STM32F103C6_DRIVER_EXTI.c:76:6:NVIC_CONTROL_DISABLE	16	static
../STM32F103C6_DRIVER/EXTI/STM32F103C6_DRIVER_EXTI.c:116:6:UPDATE_EXTI	24	static
../STM32F103C6_DRIVER/EXTI/STM32F103C6_DRIVER_EXTI.c:179:6:MCAL_EXTI_INIT	16	static
../STM32F103C6_DRIVER/EXTI/STM32F103C6_DRIVER_EXTI.c:185:6:MCAL_EXTI_UPDATE	16	static
../STM32F103C6_DRIVER/EXTI/STM32F103C6_DRIVER_EXTI.c:199:6:MCAL_EXTI_DEINIT	4	static
../STM32F103C6_DRIVER/EXTI/STM32F103C6_DRIVER_EXTI.c:225:6:EXTI0_IRQHandler	8	static
../STM32F103C6_DRIVER/EXTI/STM32F103C6_DRIVER_EXTI.c:234:6:EXTI1_IRQHandler	8	static
../STM32F103C6_DRIVER/EXTI/STM32F103C6_DRIVER_EXTI.c:243:6:EXTI2_IRQHandler	8	static
../STM32F103C6_DRIVER/EXTI/STM32F103C6_DRIVER_EXTI.c:252:6:EXTI3_IRQHandler	8	static
../STM32F103C6_DRIVER/EXTI/STM32F103C6_DRIVER_EXTI.c:261:6:EXTI4_IRQHandler	8	static
../STM32F103C6_DRIVER/EXTI/STM32F103C6_DRIVER_EXTI.c:270:6:EXTI9_5_IRQHandler	8	static
../STM32F103C6_DRIVER/EXTI/STM32F103C6_DRIVER_EXTI.c:280:6:EXTI10_15_IRQHandler	8	static
